10
20
20
30
30
20
Successfully executed 6 instructions
|_ 10 _|
|_ 30 _|
|_ 20 _|
3 elements
